=== Canary Session Start | PID: 279905 | 2026-04-15 11:55:42 ===
[2026-04-15 11:55:42] EVENT=STACK_OVERFLOW         TID=279905  
  FUNC_ID         = 0x5e50ba48aab10dbb
  STORED_CANARY   = 0xf32de7d28343df2b
  EXPECTED_CANARY = 0x2a657dca576b7ede
  SHADOW_DEPTH    = 1

=== Canary Session Start | PID: 283547 | 2026-04-15 12:10:35 ===
[2026-04-15 12:10:35] EVENT=STACK_OVERFLOW         TID=283547  
  FUNC_ID         = 0x238752b3b96e5a74
  STORED_CANARY   = 0x4141414141414141
  EXPECTED_CANARY = 0xeefbb138b2764390
  SHADOW_DEPTH    = 0

=== Canary Session Start | PID: 286521 | 2026-04-15 12:26:31 ===
=== Canary Session Start | PID: 286825 | 2026-04-15 12:28:13 ===
=== Canary Session Start | PID: 287109 | 2026-04-15 12:29:54 ===
=== Canary Session Start | PID: 287398 | 2026-04-15 12:31:32 ===
=== Canary Session Start | PID: 287678 | 2026-04-15 12:33:10 ===
=== Canary Session Start | PID: 287976 | 2026-04-15 12:34:51 ===
=== Canary Session Start | PID: 288272 | 2026-04-15 12:36:33 ===
=== Canary Session Start | PID: 288562 | 2026-04-15 12:38:14 ===
=== Canary Session Start | PID: 288897 | 2026-04-15 12:39:54 ===
=== Canary Session Start | PID: 289180 | 2026-04-15 12:41:34 ===
=== Canary Session Start | PID: 291022 | 2026-04-15 12:51:59 ===
=== Canary Session Start | PID: 291327 | 2026-04-15 12:53:41 ===
=== Canary Session Start | PID: 291626 | 2026-04-15 12:55:22 ===
=== Canary Session Start | PID: 291907 | 2026-04-15 12:56:59 ===
=== Canary Session Start | PID: 292189 | 2026-04-15 12:58:40 ===
=== Canary Session Start | PID: 301001 | 2026-04-15 13:49:34 ===
[2026-04-15 13:49:34] EVENT=STACK_OVERFLOW         TID=301001  
  FUNC_ID         = 0x238752b3b96e5a74
  STORED_CANARY   = 0x4141414141414141
  EXPECTED_CANARY = 0x348d360191f30089
  SHADOW_DEPTH    = 0

=== Canary Session Start | PID: 301763 | 2026-04-15 13:53:06 ===
[2026-04-15 13:53:06] EVENT=STACK_OVERFLOW         TID=301763  
  FUNC_ID         = 0x238752b3b96e5a74
  STORED_CANARY   = 0x4141414141414141
  EXPECTED_CANARY = 0x7a1bdae26e6839ac
  SHADOW_DEPTH    = 0

=== Canary Session Start | PID: 8780   | 2026-04-29 16:15:50 ===
[2026-04-29 16:15:50] EVENT=STACK_OVERFLOW         TID=8780    
  FUNC_ID         = 0x743d343d5f28c2bf
  STORED_CANARY   = 0x4141414141414141
  EXPECTED_CANARY = 0x6e7e3ca6ae24dee8
  SHADOW_DEPTH    = 0

=== Canary Session Start | PID: 9853   | 2026-04-29 16:16:46 ===
[2026-04-29 16:16:46] EVENT=STACK_OVERFLOW         TID=9853    
  FUNC_ID         = 0x238752b3b96e5a74
  STORED_CANARY   = 0x4141414141414141
  EXPECTED_CANARY = 0x69119a32c9ceb524
  SHADOW_DEPTH    = 0

=== Canary Session Start | PID: 12627  | 2026-04-29 16:25:26 ===
=== Canary Session Start | PID: 13852  | 2026-04-29 16:31:14 ===
[2026-04-29 16:31:14] EVENT=STACK_OVERFLOW         TID=13852   
  FUNC_ID         = 0x238752b3b96e5a74
  STORED_CANARY   = 0x4141414141414141
  EXPECTED_CANARY = 0xa64cf7cd07ad558a
  SHADOW_DEPTH    = 0

=== Canary Session Start | PID: 17942  | 2026-04-29 16:44:50 ===
[2026-04-29 16:44:50] EVENT=STACK_OVERFLOW         TID=17942   
  FUNC_ID         = 0x238752b3b96e5a74
  STORED_CANARY   = 0x4141414141414141
  EXPECTED_CANARY = 0xf82a852ab9fb0bc4
  SHADOW_DEPTH    = 0

=== Canary Session Start | PID: 23119  | 2026-04-29 16:57:49 ===
=== Canary Session Start | PID: 23391  | 2026-04-29 16:59:17 ===
=== Canary Session Start | PID: 7643   | 2026-05-01 17:11:09 ===
=== Canary Session Start | PID: 7949   | 2026-05-01 17:11:42 ===
=== Canary Session Start | PID: 9481   | 2026-05-01 17:14:02 ===
[2026-05-01 17:14:02] EVENT=STACK_OVERFLOW         TID=9481    
  FUNC_ID         = 0x743d343d5f28c2bf
  STORED_CANARY   = 0x4141414141414141
  EXPECTED_CANARY = 0x266f5945894bd02d
  SHADOW_DEPTH    = 0

=== Canary Session Start | PID: 10479  | 2026-05-01 17:14:42 ===
[2026-05-01 17:14:42] EVENT=STACK_OVERFLOW         TID=10479   
  FUNC_ID         = 0x238752b3b96e5a74
  STORED_CANARY   = 0x4141414141414141
  EXPECTED_CANARY = 0x5e35805c65dbfa17
  SHADOW_DEPTH    = 0

=== Canary Session Start | PID: 13298  | 2026-05-01 17:29:27 ===
=== Canary Session Start | PID: 13574  | 2026-05-01 17:30:52 ===
=== Canary Session Start | PID: 13827  | 2026-05-01 17:32:17 ===
=== Canary Session Start | PID: 14083  | 2026-05-01 17:33:43 ===
=== Canary Session Start | PID: 14338  | 2026-05-01 17:35:08 ===
=== Canary Session Start | PID: 14588  | 2026-05-01 17:36:33 ===
=== Canary Session Start | PID: 14841  | 2026-05-01 17:37:58 ===
=== Canary Session Start | PID: 15137  | 2026-05-01 17:39:23 ===
=== Canary Session Start | PID: 15393  | 2026-05-01 17:40:48 ===
=== Canary Session Start | PID: 15638  | 2026-05-01 17:42:13 ===
=== Canary Session Start | PID: 17228  | 2026-05-01 17:50:55 ===
=== Canary Session Start | PID: 17512  | 2026-05-01 17:52:20 ===
=== Canary Session Start | PID: 17766  | 2026-05-01 17:53:45 ===
=== Canary Session Start | PID: 18016  | 2026-05-01 17:55:11 ===
=== Canary Session Start | PID: 18264  | 2026-05-01 17:56:35 ===
=== Canary Session Start | PID: 21537  | 2026-05-01 18:00:59 ===
[2026-05-01 18:00:59] EVENT=STACK_OVERFLOW         TID=21537   
  FUNC_ID         = 0x238752b3b96e5a74
  STORED_CANARY   = 0x4141414141414141
  EXPECTED_CANARY = 0x16d416254be5e667
  SHADOW_DEPTH    = 0

=== Canary Session Start | PID: 24512  | 2026-05-01 18:16:14 ===
=== Canary Session Start | PID: 24799  | 2026-05-01 18:17:41 ===
=== Canary Session Start | PID: 25056  | 2026-05-01 18:19:09 ===
=== Canary Session Start | PID: 25313  | 2026-05-01 18:20:38 ===
=== Canary Session Start | PID: 25570  | 2026-05-01 18:22:06 ===
=== Canary Session Start | PID: 25820  | 2026-05-01 18:23:32 ===
=== Canary Session Start | PID: 26074  | 2026-05-01 18:24:58 ===
=== Canary Session Start | PID: 26334  | 2026-05-01 18:26:26 ===
=== Canary Session Start | PID: 26594  | 2026-05-01 18:27:54 ===
=== Canary Session Start | PID: 26838  | 2026-05-01 18:29:19 ===
=== Canary Session Start | PID: 28398  | 2026-05-01 18:37:59 ===
=== Canary Session Start | PID: 28719  | 2026-05-01 18:39:23 ===
=== Canary Session Start | PID: 28979  | 2026-05-01 18:40:48 ===
=== Canary Session Start | PID: 29231  | 2026-05-01 18:42:15 ===
=== Canary Session Start | PID: 29486  | 2026-05-01 18:43:40 ===
=== Canary Session Start | PID: 79427  | 2026-05-01 22:55:14 ===
=== Canary Session Start | PID: 79742  | 2026-05-01 22:56:49 ===
=== Canary Session Start | PID: 80033  | 2026-05-01 22:58:27 ===
=== Canary Session Start | PID: 80337  | 2026-05-01 23:00:06 ===
=== Canary Session Start | PID: 80655  | 2026-05-01 23:01:46 ===
=== Canary Session Start | PID: 80956  | 2026-05-01 23:03:26 ===
=== Canary Session Start | PID: 81265  | 2026-05-01 23:05:06 ===
=== Canary Session Start | PID: 81589  | 2026-05-01 23:06:45 ===
=== Canary Session Start | PID: 81870  | 2026-05-01 23:08:16 ===
=== Canary Session Start | PID: 82207  | 2026-05-01 23:09:50 ===
=== Canary Session Start | PID: 89659  | 2026-05-01 23:49:13 ===
=== Canary Session Start | PID: 90421  | 2026-05-01 23:53:11 ===
=== Canary Session Start | PID: 91176  | 2026-05-01 23:57:11 ===
=== Canary Session Start | PID: 92131  | 2026-05-02 00:01:10 ===
=== Canary Session Start | PID: 92908  | 2026-05-02 00:05:11 ===
=== Canary Session Start | PID: 93747  | 2026-05-02 00:09:15 ===
=== Canary Session Start | PID: 94531  | 2026-05-02 00:13:18 ===
=== Canary Session Start | PID: 95304  | 2026-05-02 00:17:21 ===
=== Canary Session Start | PID: 96076  | 2026-05-02 00:21:25 ===
=== Canary Session Start | PID: 96848  | 2026-05-02 00:25:29 ===
=== Canary Session Start | PID: 113568 | 2026-05-02 01:52:13 ===
=== Canary Session Start | PID: 114317 | 2026-05-02 01:56:10 ===
=== Canary Session Start | PID: 117303 | 2026-05-02 02:04:08 ===
=== Canary Session Start | PID: 117304 | 2026-05-02 02:04:08 ===
=== Canary Session Start | PID: 117305 | 2026-05-02 02:04:08 ===
=== Canary Session Start | PID: 117306 | 2026-05-02 02:04:08 ===
=== Canary Session Start | PID: 117307 | 2026-05-02 02:04:08 ===
=== Canary Session Start | PID: 117308 | 2026-05-02 02:04:08 ===
=== Canary Session Start | PID: 117312 | 2026-05-02 02:04:08 ===
=== Canary Session Start | PID: 117316 | 2026-05-02 02:04:08 ===
=== Canary Session Start | PID: 117317 | 2026-05-02 02:04:09 ===
=== Canary Session Start | PID: 117318 | 2026-05-02 02:04:09 ===
=== Canary Session Start | PID: 117319 | 2026-05-02 02:04:09 ===
=== Canary Session Start | PID: 117320 | 2026-05-02 02:04:09 ===
=== Canary Session Start | PID: 117321 | 2026-05-02 02:04:09 ===
=== Canary Session Start | PID: 117322 | 2026-05-02 02:04:09 ===
=== Canary Session Start | PID: 117323 | 2026-05-02 02:04:09 ===
=== Canary Session Start | PID: 117324 | 2026-05-02 02:04:09 ===
=== Canary Session Start | PID: 117325 | 2026-05-02 02:04:09 ===
=== Canary Session Start | PID: 117336 | 2026-05-02 02:04:09 ===
=== Canary Session Start | PID: 117337 | 2026-05-02 02:04:09 ===
=== Canary Session Start | PID: 117338 | 2026-05-02 02:04:10 ===
=== Canary Session Start | PID: 117339 | 2026-05-02 02:04:10 ===
=== Canary Session Start | PID: 117340 | 2026-05-02 02:04:10 ===
=== Canary Session Start | PID: 117341 | 2026-05-02 02:04:10 ===
=== Canary Session Start | PID: 117342 | 2026-05-02 02:04:10 ===
=== Canary Session Start | PID: 117343 | 2026-05-02 02:04:10 ===
=== Canary Session Start | PID: 117344 | 2026-05-02 02:04:10 ===
=== Canary Session Start | PID: 117345 | 2026-05-02 02:04:10 ===
=== Canary Session Start | PID: 117346 | 2026-05-02 02:04:10 ===
=== Canary Session Start | PID: 117352 | 2026-05-02 02:04:10 ===
=== Canary Session Start | PID: 117356 | 2026-05-02 02:04:10 ===
=== Canary Session Start | PID: 117360 | 2026-05-02 02:04:11 ===
=== Canary Session Start | PID: 117361 | 2026-05-02 02:04:11 ===
=== Canary Session Start | PID: 117362 | 2026-05-02 02:04:11 ===
=== Canary Session Start | PID: 117363 | 2026-05-02 02:04:11 ===
=== Canary Session Start | PID: 117364 | 2026-05-02 02:04:11 ===
=== Canary Session Start | PID: 117365 | 2026-05-02 02:04:11 ===
=== Canary Session Start | PID: 117366 | 2026-05-02 02:04:11 ===
=== Canary Session Start | PID: 117367 | 2026-05-02 02:04:11 ===
=== Canary Session Start | PID: 117368 | 2026-05-02 02:04:11 ===
=== Canary Session Start | PID: 117369 | 2026-05-02 02:04:11 ===
=== Canary Session Start | PID: 117370 | 2026-05-02 02:04:11 ===
=== Canary Session Start | PID: 117371 | 2026-05-02 02:04:12 ===
=== Canary Session Start | PID: 117372 | 2026-05-02 02:04:12 ===
=== Canary Session Start | PID: 117373 | 2026-05-02 02:04:12 ===
=== Canary Session Start | PID: 117374 | 2026-05-02 02:04:12 ===
=== Canary Session Start | PID: 117375 | 2026-05-02 02:04:12 ===
=== Canary Session Start | PID: 117376 | 2026-05-02 02:04:12 ===
=== Canary Session Start | PID: 117377 | 2026-05-02 02:04:12 ===
=== Canary Session Start | PID: 117378 | 2026-05-02 02:04:12 ===
=== Canary Session Start | PID: 117379 | 2026-05-02 02:04:12 ===
=== Canary Session Start | PID: 117397 | 2026-05-02 02:04:13 ===
=== Canary Session Start | PID: 117399 | 2026-05-02 02:04:13 ===
=== Canary Session Start | PID: 117401 | 2026-05-02 02:04:13 ===
=== Canary Session Start | PID: 117403 | 2026-05-02 02:04:13 ===
=== Canary Session Start | PID: 117405 | 2026-05-02 02:04:13 ===
=== Canary Session Start | PID: 117908 | 2026-05-02 02:05:41 ===
=== Canary Session Start | PID: 117912 | 2026-05-02 02:05:41 ===
=== Canary Session Start | PID: 117916 | 2026-05-02 02:05:42 ===
=== Canary Session Start | PID: 117927 | 2026-05-02 02:05:42 ===
=== Canary Session Start | PID: 117928 | 2026-05-02 02:05:42 ===
=== Canary Session Start | PID: 117934 | 2026-05-02 02:05:43 ===
=== Canary Session Start | PID: 117941 | 2026-05-02 02:05:43 ===
=== Canary Session Start | PID: 117942 | 2026-05-02 02:05:44 ===
=== Canary Session Start | PID: 117943 | 2026-05-02 02:05:44 ===
=== Canary Session Start | PID: 117944 | 2026-05-02 02:05:45 ===
=== Canary Session Start | PID: 117945 | 2026-05-02 02:05:45 ===
=== Canary Session Start | PID: 117949 | 2026-05-02 02:05:46 ===
=== Canary Session Start | PID: 117953 | 2026-05-02 02:05:46 ===
=== Canary Session Start | PID: 117954 | 2026-05-02 02:05:47 ===
=== Canary Session Start | PID: 117955 | 2026-05-02 02:05:47 ===
=== Canary Session Start | PID: 117956 | 2026-05-02 02:05:48 ===
=== Canary Session Start | PID: 117957 | 2026-05-02 02:05:48 ===
=== Canary Session Start | PID: 117964 | 2026-05-02 02:05:49 ===
=== Canary Session Start | PID: 117965 | 2026-05-02 02:05:49 ===
=== Canary Session Start | PID: 117966 | 2026-05-02 02:05:49 ===
=== Canary Session Start | PID: 117967 | 2026-05-02 02:05:50 ===
=== Canary Session Start | PID: 117974 | 2026-05-02 02:05:50 ===
=== Canary Session Start | PID: 117976 | 2026-05-02 02:05:51 ===
=== Canary Session Start | PID: 117977 | 2026-05-02 02:05:51 ===
=== Canary Session Start | PID: 117978 | 2026-05-02 02:05:52 ===
=== Canary Session Start | PID: 117979 | 2026-05-02 02:05:52 ===
=== Canary Session Start | PID: 117986 | 2026-05-02 02:05:53 ===
=== Canary Session Start | PID: 117987 | 2026-05-02 02:05:53 ===
=== Canary Session Start | PID: 117988 | 2026-05-02 02:05:54 ===
=== Canary Session Start | PID: 117989 | 2026-05-02 02:05:54 ===
=== Canary Session Start | PID: 117990 | 2026-05-02 02:05:54 ===
=== Canary Session Start | PID: 117997 | 2026-05-02 02:05:55 ===
=== Canary Session Start | PID: 117998 | 2026-05-02 02:05:55 ===
=== Canary Session Start | PID: 117999 | 2026-05-02 02:05:56 ===
=== Canary Session Start | PID: 118000 | 2026-05-02 02:05:56 ===
=== Canary Session Start | PID: 118004 | 2026-05-02 02:05:57 ===
=== Canary Session Start | PID: 118008 | 2026-05-02 02:05:57 ===
=== Canary Session Start | PID: 118009 | 2026-05-02 02:05:58 ===
=== Canary Session Start | PID: 118010 | 2026-05-02 02:05:58 ===
=== Canary Session Start | PID: 118011 | 2026-05-02 02:05:58 ===
=== Canary Session Start | PID: 118018 | 2026-05-02 02:05:59 ===
=== Canary Session Start | PID: 118019 | 2026-05-02 02:05:59 ===
=== Canary Session Start | PID: 118020 | 2026-05-02 02:06:00 ===
=== Canary Session Start | PID: 118021 | 2026-05-02 02:06:00 ===
=== Canary Session Start | PID: 118022 | 2026-05-02 02:06:01 ===
=== Canary Session Start | PID: 118029 | 2026-05-02 02:06:01 ===
=== Canary Session Start | PID: 118030 | 2026-05-02 02:06:02 ===
=== Canary Session Start | PID: 118031 | 2026-05-02 02:06:02 ===
=== Canary Session Start | PID: 118032 | 2026-05-02 02:06:02 ===
=== Canary Session Start | PID: 118033 | 2026-05-02 02:06:03 ===
=== Canary Session Start | PID: 118074 | 2026-05-02 02:06:06 ===
=== Canary Session Start | PID: 118076 | 2026-05-02 02:06:06 ===
=== Canary Session Start | PID: 118078 | 2026-05-02 02:06:07 ===
=== Canary Session Start | PID: 118086 | 2026-05-02 02:06:07 ===
=== Canary Session Start | PID: 118088 | 2026-05-02 02:06:08 ===
=== Canary Session Start | PID: 9432   | 2026-05-02 20:50:43 ===
=== Canary Session Start | PID: 9433   | 2026-05-02 20:50:43 ===
=== Canary Session Start | PID: 9440   | 2026-05-02 20:50:44 ===
=== Canary Session Start | PID: 9441   | 2026-05-02 20:50:44 ===
=== Canary Session Start | PID: 9442   | 2026-05-02 20:50:44 ===
=== Canary Session Start | PID: 9453   | 2026-05-02 20:50:44 ===
=== Canary Session Start | PID: 9454   | 2026-05-02 20:50:45 ===
=== Canary Session Start | PID: 9455   | 2026-05-02 20:50:45 ===
=== Canary Session Start | PID: 9456   | 2026-05-02 20:50:45 ===
=== Canary Session Start | PID: 9457   | 2026-05-02 20:50:45 ===
=== Canary Session Start | PID: 9463   | 2026-05-02 20:50:45 ===
=== Canary Session Start | PID: 9467   | 2026-05-02 20:50:46 ===
=== Canary Session Start | PID: 9471   | 2026-05-02 20:50:46 ===
=== Canary Session Start | PID: 9472   | 2026-05-02 20:50:46 ===
=== Canary Session Start | PID: 9473   | 2026-05-02 20:50:46 ===
=== Canary Session Start | PID: 9474   | 2026-05-02 20:50:46 ===
=== Canary Session Start | PID: 9475   | 2026-05-02 20:50:47 ===
=== Canary Session Start | PID: 9476   | 2026-05-02 20:50:47 ===
=== Canary Session Start | PID: 9477   | 2026-05-02 20:50:47 ===
=== Canary Session Start | PID: 9478   | 2026-05-02 20:50:47 ===
=== Canary Session Start | PID: 9479   | 2026-05-02 20:50:48 ===
=== Canary Session Start | PID: 9480   | 2026-05-02 20:50:48 ===
=== Canary Session Start | PID: 9481   | 2026-05-02 20:50:48 ===
=== Canary Session Start | PID: 9488   | 2026-05-02 20:50:48 ===
=== Canary Session Start | PID: 9489   | 2026-05-02 20:50:48 ===
=== Canary Session Start | PID: 9490   | 2026-05-02 20:50:49 ===
=== Canary Session Start | PID: 9491   | 2026-05-02 20:50:49 ===
=== Canary Session Start | PID: 9492   | 2026-05-02 20:50:49 ===
=== Canary Session Start | PID: 9503   | 2026-05-02 20:50:49 ===
=== Canary Session Start | PID: 9504   | 2026-05-02 20:50:50 ===
=== Canary Session Start | PID: 9505   | 2026-05-02 20:50:50 ===
=== Canary Session Start | PID: 9506   | 2026-05-02 20:50:50 ===
=== Canary Session Start | PID: 9508   | 2026-05-02 20:50:50 ===
=== Canary Session Start | PID: 9519   | 2026-05-02 20:50:50 ===
=== Canary Session Start | PID: 9520   | 2026-05-02 20:50:51 ===
=== Canary Session Start | PID: 9521   | 2026-05-02 20:50:51 ===
=== Canary Session Start | PID: 9522   | 2026-05-02 20:50:51 ===
=== Canary Session Start | PID: 9523   | 2026-05-02 20:50:51 ===
=== Canary Session Start | PID: 9524   | 2026-05-02 20:50:51 ===
=== Canary Session Start | PID: 9525   | 2026-05-02 20:50:52 ===
=== Canary Session Start | PID: 9526   | 2026-05-02 20:50:52 ===
=== Canary Session Start | PID: 9527   | 2026-05-02 20:50:52 ===
=== Canary Session Start | PID: 9531   | 2026-05-02 20:50:52 ===
=== Canary Session Start | PID: 9535   | 2026-05-02 20:50:52 ===
=== Canary Session Start | PID: 9536   | 2026-05-02 20:50:53 ===
=== Canary Session Start | PID: 9537   | 2026-05-02 20:50:53 ===
=== Canary Session Start | PID: 9538   | 2026-05-02 20:50:53 ===
=== Canary Session Start | PID: 9539   | 2026-05-02 20:50:53 ===
=== Canary Session Start | PID: 9540   | 2026-05-02 20:50:54 ===
=== Canary Session Start | PID: 9541   | 2026-05-02 20:50:54 ===
=== Canary Session Start | PID: 9559   | 2026-05-02 20:50:55 ===
=== Canary Session Start | PID: 9561   | 2026-05-02 20:50:55 ===
=== Canary Session Start | PID: 9574   | 2026-05-02 20:50:55 ===
=== Canary Session Start | PID: 9576   | 2026-05-02 20:50:55 ===
=== Canary Session Start | PID: 9578   | 2026-05-02 20:50:55 ===
=== Canary Session Start | PID: 10045  | 2026-05-02 20:52:09 ===
=== Canary Session Start | PID: 10046  | 2026-05-02 20:52:10 ===
=== Canary Session Start | PID: 10047  | 2026-05-02 20:52:10 ===
=== Canary Session Start | PID: 10048  | 2026-05-02 20:52:10 ===
=== Canary Session Start | PID: 10049  | 2026-05-02 20:52:10 ===
=== Canary Session Start | PID: 10060  | 2026-05-02 20:52:10 ===
=== Canary Session Start | PID: 10061  | 2026-05-02 20:52:11 ===
=== Canary Session Start | PID: 10065  | 2026-05-02 20:52:11 ===
=== Canary Session Start | PID: 10069  | 2026-05-02 20:52:11 ===
=== Canary Session Start | PID: 10070  | 2026-05-02 20:52:11 ===
=== Canary Session Start | PID: 10076  | 2026-05-02 20:52:11 ===
=== Canary Session Start | PID: 10077  | 2026-05-02 20:52:12 ===
=== Canary Session Start | PID: 10078  | 2026-05-02 20:52:12 ===
=== Canary Session Start | PID: 10079  | 2026-05-02 20:52:12 ===
=== Canary Session Start | PID: 10080  | 2026-05-02 20:52:12 ===
=== Canary Session Start | PID: 10081  | 2026-05-02 20:52:12 ===
=== Canary Session Start | PID: 10082  | 2026-05-02 20:52:13 ===
=== Canary Session Start | PID: 10087  | 2026-05-02 20:52:13 ===
=== Canary Session Start | PID: 10090  | 2026-05-02 20:52:13 ===
=== Canary Session Start | PID: 10091  | 2026-05-02 20:52:13 ===
=== Canary Session Start | PID: 10092  | 2026-05-02 20:52:14 ===
=== Canary Session Start | PID: 10093  | 2026-05-02 20:52:14 ===
=== Canary Session Start | PID: 10094  | 2026-05-02 20:52:14 ===
=== Canary Session Start | PID: 10095  | 2026-05-02 20:52:14 ===
=== Canary Session Start | PID: 10096  | 2026-05-02 20:52:14 ===
=== Canary Session Start | PID: 10097  | 2026-05-02 20:52:15 ===
=== Canary Session Start | PID: 10098  | 2026-05-02 20:52:15 ===
=== Canary Session Start | PID: 10105  | 2026-05-02 20:52:15 ===
=== Canary Session Start | PID: 10106  | 2026-05-02 20:52:15 ===
=== Canary Session Start | PID: 10107  | 2026-05-02 20:52:15 ===
=== Canary Session Start | PID: 10108  | 2026-05-02 20:52:16 ===
=== Canary Session Start | PID: 10109  | 2026-05-02 20:52:16 ===
=== Canary Session Start | PID: 10110  | 2026-05-02 20:52:16 ===
=== Canary Session Start | PID: 10111  | 2026-05-02 20:52:16 ===
=== Canary Session Start | PID: 10112  | 2026-05-02 20:52:16 ===
=== Canary Session Start | PID: 10113  | 2026-05-02 20:52:17 ===
=== Canary Session Start | PID: 10114  | 2026-05-02 20:52:17 ===
=== Canary Session Start | PID: 10121  | 2026-05-02 20:52:17 ===
=== Canary Session Start | PID: 10122  | 2026-05-02 20:52:17 ===
=== Canary Session Start | PID: 10123  | 2026-05-02 20:52:18 ===
=== Canary Session Start | PID: 10124  | 2026-05-02 20:52:18 ===
=== Canary Session Start | PID: 10125  | 2026-05-02 20:52:18 ===
=== Canary Session Start | PID: 10126  | 2026-05-02 20:52:18 ===
=== Canary Session Start | PID: 10127  | 2026-05-02 20:52:18 ===
=== Canary Session Start | PID: 10128  | 2026-05-02 20:52:19 ===
=== Canary Session Start | PID: 10129  | 2026-05-02 20:52:19 ===
=== Canary Session Start | PID: 10130  | 2026-05-02 20:52:19 ===
=== Canary Session Start | PID: 10137  | 2026-05-02 20:52:19 ===
=== Canary Session Start | PID: 10138  | 2026-05-02 20:52:19 ===
=== Canary Session Start | PID: 10139  | 2026-05-02 20:52:20 ===
=== Canary Session Start | PID: 10151  | 2026-05-02 20:52:21 ===
=== Canary Session Start | PID: 10153  | 2026-05-02 20:52:21 ===
=== Canary Session Start | PID: 10166  | 2026-05-02 20:52:21 ===
=== Canary Session Start | PID: 10168  | 2026-05-02 20:52:22 ===
=== Canary Session Start | PID: 10176  | 2026-05-02 20:52:22 ===
=== Canary Session Start | PID: 11307  | 2026-05-02 20:57:30 ===
=== Canary Session Start | PID: 11335  | 2026-05-02 20:57:34 ===
=== Canary Session Start | PID: 11348  | 2026-05-02 20:57:37 ===
=== Canary Session Start | PID: 11355  | 2026-05-02 20:57:41 ===
=== Canary Session Start | PID: 11368  | 2026-05-02 20:57:45 ===
=== Canary Session Start | PID: 11381  | 2026-05-02 20:57:49 ===
=== Canary Session Start | PID: 11397  | 2026-05-02 20:57:52 ===
=== Canary Session Start | PID: 11404  | 2026-05-02 20:57:57 ===
=== Canary Session Start | PID: 11417  | 2026-05-02 20:58:00 ===
=== Canary Session Start | PID: 11431  | 2026-05-02 20:58:04 ===
=== Canary Session Start | PID: 11444  | 2026-05-02 20:58:08 ===
=== Canary Session Start | PID: 11457  | 2026-05-02 20:58:12 ===
=== Canary Session Start | PID: 11464  | 2026-05-02 20:58:15 ===
=== Canary Session Start | PID: 11477  | 2026-05-02 20:58:19 ===
=== Canary Session Start | PID: 11490  | 2026-05-02 20:58:23 ===
=== Canary Session Start | PID: 11505  | 2026-05-02 20:58:27 ===
=== Canary Session Start | PID: 11512  | 2026-05-02 20:58:31 ===
=== Canary Session Start | PID: 11525  | 2026-05-02 20:58:34 ===
=== Canary Session Start | PID: 11538  | 2026-05-02 20:58:38 ===
=== Canary Session Start | PID: 11551  | 2026-05-02 20:58:42 ===
=== Canary Session Start | PID: 11564  | 2026-05-02 20:58:45 ===
=== Canary Session Start | PID: 11571  | 2026-05-02 20:58:49 ===
=== Canary Session Start | PID: 11587  | 2026-05-02 20:58:53 ===
=== Canary Session Start | PID: 11600  | 2026-05-02 20:58:57 ===
=== Canary Session Start | PID: 11614  | 2026-05-02 20:59:01 ===
=== Canary Session Start | PID: 11624  | 2026-05-02 20:59:05 ===
=== Canary Session Start | PID: 11634  | 2026-05-02 20:59:08 ===
=== Canary Session Start | PID: 11647  | 2026-05-02 20:59:12 ===
=== Canary Session Start | PID: 11660  | 2026-05-02 20:59:17 ===
=== Canary Session Start | PID: 11673  | 2026-05-02 20:59:20 ===
=== Canary Session Start | PID: 11686  | 2026-05-02 20:59:24 ===
=== Canary Session Start | PID: 11693  | 2026-05-02 20:59:28 ===
=== Canary Session Start | PID: 11706  | 2026-05-02 20:59:31 ===
=== Canary Session Start | PID: 11719  | 2026-05-02 20:59:36 ===
=== Canary Session Start | PID: 11732  | 2026-05-02 20:59:39 ===
=== Canary Session Start | PID: 11745  | 2026-05-02 20:59:43 ===
=== Canary Session Start | PID: 11752  | 2026-05-02 20:59:47 ===
=== Canary Session Start | PID: 11765  | 2026-05-02 20:59:51 ===
=== Canary Session Start | PID: 11781  | 2026-05-02 20:59:54 ===
=== Canary Session Start | PID: 11791  | 2026-05-02 20:59:58 ===
=== Canary Session Start | PID: 11801  | 2026-05-02 21:00:02 ===
=== Canary Session Start | PID: 11818  | 2026-05-02 21:00:06 ===
=== Canary Session Start | PID: 11831  | 2026-05-02 21:00:10 ===
=== Canary Session Start | PID: 11844  | 2026-05-02 21:00:14 ===
=== Canary Session Start | PID: 11851  | 2026-05-02 21:00:17 ===
=== Canary Session Start | PID: 11864  | 2026-05-02 21:00:21 ===
=== Canary Session Start | PID: 11877  | 2026-05-02 21:00:25 ===
=== Canary Session Start | PID: 11890  | 2026-05-02 21:00:28 ===
=== Canary Session Start | PID: 11897  | 2026-05-02 21:00:32 ===
=== Canary Session Start | PID: 11910  | 2026-05-02 21:00:36 ===
=== Canary Session Start | PID: 12072  | 2026-05-02 21:00:54 ===
=== Canary Session Start | PID: 12104  | 2026-05-02 21:00:58 ===
=== Canary Session Start | PID: 12118  | 2026-05-02 21:01:02 ===
=== Canary Session Start | PID: 12126  | 2026-05-02 21:01:06 ===
=== Canary Session Start | PID: 12140  | 2026-05-02 21:01:10 ===
=== Canary Session Start | PID: 23153  | 2026-05-02 21:27:27 ===
=== Canary Session Start | PID: 23842  | 2026-05-02 21:27:30 ===
=== Canary Session Start | PID: 23890  | 2026-05-02 21:27:30 ===
=== Canary Session Start | PID: 23901  | 2026-05-02 21:27:31 ===
=== Canary Session Start | PID: 23964  | 2026-05-02 21:27:32 ===
=== Canary Session Start | PID: 23984  | 2026-05-02 21:27:32 ===
=== Canary Session Start | PID: 23993  | 2026-05-02 21:27:32 ===
=== Canary Session Start | PID: 24002  | 2026-05-02 21:27:32 ===
=== Canary Session Start | PID: 24011  | 2026-05-02 21:27:32 ===
=== Canary Session Start | PID: 24052  | 2026-05-02 21:27:32 ===
=== Canary Session Start | PID: 24061  | 2026-05-02 21:27:32 ===
=== Canary Session Start | PID: 24070  | 2026-05-02 21:27:32 ===
=== Canary Session Start | PID: 24079  | 2026-05-02 21:27:33 ===
=== Canary Session Start | PID: 24088  | 2026-05-02 21:27:33 ===
=== Canary Session Start | PID: 24097  | 2026-05-02 21:27:33 ===
=== Canary Session Start | PID: 24106  | 2026-05-02 21:27:33 ===
=== Canary Session Start | PID: 24116  | 2026-05-02 21:27:33 ===
=== Canary Session Start | PID: 24125  | 2026-05-02 21:27:33 ===
=== Canary Session Start | PID: 24134  | 2026-05-02 21:27:33 ===
=== Canary Session Start | PID: 24143  | 2026-05-02 21:27:33 ===
=== Canary Session Start | PID: 24155  | 2026-05-02 21:27:33 ===
=== Canary Session Start | PID: 24176  | 2026-05-02 21:27:33 ===
=== Canary Session Start | PID: 24184  | 2026-05-02 21:27:33 ===
=== Canary Session Start | PID: 24193  | 2026-05-02 21:27:33 ===
=== Canary Session Start | PID: 24217  | 2026-05-02 21:27:33 ===
=== Canary Session Start | PID: 24374  | 2026-05-02 21:27:34 ===
=== Canary Session Start | PID: 24391  | 2026-05-02 21:27:34 ===
=== Canary Session Start | PID: 24400  | 2026-05-02 21:27:34 ===
=== Canary Session Start | PID: 24433  | 2026-05-02 21:27:34 ===
=== Canary Session Start | PID: 24442  | 2026-05-02 21:27:35 ===
=== Canary Session Start | PID: 24458  | 2026-05-02 21:27:35 ===
=== Canary Session Start | PID: 24469  | 2026-05-02 21:27:35 ===
=== Canary Session Start | PID: 24478  | 2026-05-02 21:27:35 ===
=== Canary Session Start | PID: 24530  | 2026-05-02 21:27:35 ===
=== Canary Session Start | PID: 24553  | 2026-05-02 21:27:35 ===
=== Canary Session Start | PID: 24573  | 2026-05-02 21:27:35 ===
=== Canary Session Start | PID: 24591  | 2026-05-02 21:27:35 ===
=== Canary Session Start | PID: 24606  | 2026-05-02 21:27:35 ===
=== Canary Session Start | PID: 24638  | 2026-05-02 21:27:36 ===
=== Canary Session Start | PID: 24640  | 2026-05-02 21:27:36 ===
=== Canary Session Start | PID: 24642  | 2026-05-02 21:27:36 ===
=== Canary Session Start | PID: 24644  | 2026-05-02 21:27:36 ===
=== Canary Session Start | PID: 24646  | 2026-05-02 21:27:36 ===
=== Canary Session Start | PID: 24654  | 2026-05-02 21:27:36 ===
=== Canary Session Start | PID: 24656  | 2026-05-02 21:27:36 ===
=== Canary Session Start | PID: 24658  | 2026-05-02 21:27:36 ===
=== Canary Session Start | PID: 24666  | 2026-05-02 21:27:36 ===
=== Canary Session Start | PID: 24668  | 2026-05-02 21:27:36 ===
=== Canary Session Start | PID: 24689  | 2026-05-02 21:27:36 ===
=== Canary Session Start | PID: 24913  | 2026-05-02 21:27:37 ===
=== Canary Session Start | PID: 24943  | 2026-05-02 21:27:37 ===
=== Canary Session Start | PID: 25022  | 2026-05-02 21:27:37 ===
=== Canary Session Start | PID: 25104  | 2026-05-02 21:27:38 ===
=== Canary Session Start | PID: 25113  | 2026-05-02 21:27:38 ===
=== Canary Session Start | PID: 25122  | 2026-05-02 21:27:38 ===
=== Canary Session Start | PID: 25131  | 2026-05-02 21:27:38 ===
=== Canary Session Start | PID: 25131  | 2026-05-02 21:27:38 ===
=== Canary Session Start | PID: 25168  | 2026-05-02 21:27:38 ===
=== Canary Session Start | PID: 25188  | 2026-05-02 21:27:38 ===
=== Canary Session Start | PID: 25259  | 2026-05-02 21:27:39 ===
=== Canary Session Start | PID: 25287  | 2026-05-02 21:27:39 ===
=== Canary Session Start | PID: 25320  | 2026-05-02 21:27:39 ===
=== Canary Session Start | PID: 25411  | 2026-05-02 21:27:39 ===
=== Canary Session Start | PID: 25436  | 2026-05-02 21:27:40 ===
=== Canary Session Start | PID: 25454  | 2026-05-02 21:27:40 ===
=== Canary Session Start | PID: 25458  | 2026-05-02 21:27:40 ===
=== Canary Session Start | PID: 25485  | 2026-05-02 21:27:40 ===
=== Canary Session Start | PID: 25522  | 2026-05-02 21:27:40 ===
=== Canary Session Start | PID: 25566  | 2026-05-02 21:27:40 ===
=== Canary Session Start | PID: 25585  | 2026-05-02 21:27:40 ===
=== Canary Session Start | PID: 25600  | 2026-05-02 21:27:41 ===
=== Canary Session Start | PID: 25609  | 2026-05-02 21:27:41 ===
=== Canary Session Start | PID: 25630  | 2026-05-02 21:27:41 ===
=== Canary Session Start | PID: 25724  | 2026-05-02 21:27:41 ===
=== Canary Session Start | PID: 25740  | 2026-05-02 21:27:41 ===
=== Canary Session Start | PID: 25760  | 2026-05-02 21:27:41 ===
=== Canary Session Start | PID: 28748  | 2026-05-02 21:29:42 ===
=== Canary Session Start | PID: 29966  | 2026-05-02 21:30:51 ===
=== Canary Session Start | PID: 29995  | 2026-05-02 21:30:55 ===
=== Canary Session Start | PID: 30024  | 2026-05-02 21:30:58 ===
=== Canary Session Start | PID: 30042  | 2026-05-02 21:31:03 ===
=== Canary Session Start | PID: 30060  | 2026-05-02 21:31:07 ===
=== Canary Session Start | PID: 30089  | 2026-05-02 21:31:10 ===
=== Canary Session Start | PID: 30118  | 2026-05-02 21:31:14 ===
=== Canary Session Start | PID: 30147  | 2026-05-02 21:31:18 ===
=== Canary Session Start | PID: 30155  | 2026-05-02 21:31:22 ===
=== Canary Session Start | PID: 30184  | 2026-05-02 21:31:25 ===
=== Canary Session Start | PID: 31580  | 2026-05-02 21:32:28 ===
=== Canary Session Start | PID: 31615  | 2026-05-02 21:32:32 ===
=== Canary Session Start | PID: 31629  | 2026-05-02 21:32:35 ===
=== Canary Session Start | PID: 31643  | 2026-05-02 21:32:39 ===
=== Canary Session Start | PID: 31657  | 2026-05-02 21:32:44 ===
=== Canary Session Start | PID: 31665  | 2026-05-02 21:32:48 ===
=== Canary Session Start | PID: 31679  | 2026-05-02 21:32:51 ===
=== Canary Session Start | PID: 31693  | 2026-05-02 21:32:55 ===
=== Canary Session Start | PID: 31707  | 2026-05-02 21:32:59 ===
=== Canary Session Start | PID: 31721  | 2026-05-02 21:33:03 ===
=== Canary Session Start | PID: 33366  | 2026-05-02 21:34:03 ===
=== Canary Session Start | PID: 33421  | 2026-05-02 21:34:08 ===
=== Canary Session Start | PID: 33454  | 2026-05-02 21:34:12 ===
=== Canary Session Start | PID: 33502  | 2026-05-02 21:34:17 ===
=== Canary Session Start | PID: 33537  | 2026-05-02 21:34:22 ===
=== Canary Session Start | PID: 35265  | 2026-05-02 21:36:40 ===
=== Canary Session Start | PID: 35305  | 2026-05-02 21:36:44 ===
=== Canary Session Start | PID: 35321  | 2026-05-02 21:36:48 ===
=== Canary Session Start | PID: 35337  | 2026-05-02 21:36:51 ===
=== Canary Session Start | PID: 35353  | 2026-05-02 21:36:55 ===
=== Canary Session Start | PID: 39479  | 2026-05-02 21:55:41 ===
=== Canary Session Start | PID: 39548  | 2026-05-02 21:55:57 ===
=== Canary Session Start | PID: 39596  | 2026-05-02 21:56:12 ===
=== Canary Session Start | PID: 39641  | 2026-05-02 21:56:27 ===
=== Canary Session Start | PID: 39688  | 2026-05-02 21:56:42 ===
=== Canary Session Start | PID: 39733  | 2026-05-02 21:56:56 ===
=== Canary Session Start | PID: 39781  | 2026-05-02 21:57:11 ===
=== Canary Session Start | PID: 39826  | 2026-05-02 21:57:26 ===
=== Canary Session Start | PID: 39871  | 2026-05-02 21:57:41 ===
=== Canary Session Start | PID: 39917  | 2026-05-02 21:57:55 ===
=== Canary Session Start | PID: 40255  | 2026-05-02 21:59:25 ===
=== Canary Session Start | PID: 40317  | 2026-05-02 21:59:39 ===
=== Canary Session Start | PID: 40364  | 2026-05-02 21:59:54 ===
=== Canary Session Start | PID: 40416  | 2026-05-02 22:00:09 ===
=== Canary Session Start | PID: 40463  | 2026-05-02 22:00:24 ===
=== Canary Session Start | PID: 42856  | 2026-05-02 22:11:07 ===
=== Canary Session Start | PID: 42949  | 2026-05-02 22:11:22 ===
=== Canary Session Start | PID: 43018  | 2026-05-02 22:11:37 ===
=== Canary Session Start | PID: 43087  | 2026-05-02 22:11:52 ===
=== Canary Session Start | PID: 43156  | 2026-05-02 22:12:07 ===
=== Canary Session Start | PID: 43228  | 2026-05-02 22:12:21 ===
=== Canary Session Start | PID: 43299  | 2026-05-02 22:12:36 ===
=== Canary Session Start | PID: 43368  | 2026-05-02 22:12:51 ===
=== Canary Session Start | PID: 43437  | 2026-05-02 22:13:05 ===
=== Canary Session Start | PID: 43509  | 2026-05-02 22:13:20 ===
=== Canary Session Start | PID: 43944  | 2026-05-02 22:14:49 ===
=== Canary Session Start | PID: 44036  | 2026-05-02 22:15:04 ===
=== Canary Session Start | PID: 44104  | 2026-05-02 22:15:18 ===
=== Canary Session Start | PID: 44175  | 2026-05-02 22:15:33 ===
=== Canary Session Start | PID: 44243  | 2026-05-02 22:15:47 ===
=== Canary Session Start | PID: 45174  | 2026-05-02 22:17:56 ===
=== Canary Session Start | PID: 45529  | 2026-05-02 22:18:39 ===
=== Canary Session Start | PID: 45552  | 2026-05-02 22:18:44 ===
=== Canary Session Start | PID: 45591  | 2026-05-02 22:18:47 ===
=== Canary Session Start | PID: 45627  | 2026-05-02 22:18:51 ===
=== Canary Session Start | PID: 45652  | 2026-05-02 22:18:55 ===
=== Canary Session Start | PID: 45676  | 2026-05-02 22:18:58 ===
=== Canary Session Start | PID: 45715  | 2026-05-02 22:19:02 ===
=== Canary Session Start | PID: 45754  | 2026-05-02 22:19:06 ===
=== Canary Session Start | PID: 45777  | 2026-05-02 22:19:10 ===
=== Canary Session Start | PID: 45800  | 2026-05-02 22:19:14 ===
=== Canary Session Start | PID: 46013  | 2026-05-02 22:19:37 ===
=== Canary Session Start | PID: 46042  | 2026-05-02 22:19:40 ===
=== Canary Session Start | PID: 46061  | 2026-05-02 22:19:44 ===
=== Canary Session Start | PID: 46099  | 2026-05-02 22:19:48 ===
=== Canary Session Start | PID: 46137  | 2026-05-02 22:19:52 ===
=== Canary Session Start | PID: 47649  | 2026-05-02 22:27:31 ===
=== Canary Session Start | PID: 48004  | 2026-05-02 22:28:14 ===
=== Canary Session Start | PID: 48021  | 2026-05-02 22:28:18 ===
=== Canary Session Start | PID: 48061  | 2026-05-02 22:28:21 ===
=== Canary Session Start | PID: 48100  | 2026-05-02 22:28:25 ===
=== Canary Session Start | PID: 48128  | 2026-05-02 22:28:29 ===
=== Canary Session Start | PID: 48152  | 2026-05-02 22:28:33 ===
=== Canary Session Start | PID: 48188  | 2026-05-02 22:28:37 ===
=== Canary Session Start | PID: 48227  | 2026-05-02 22:28:41 ===
=== Canary Session Start | PID: 48255  | 2026-05-02 22:28:45 ===
=== Canary Session Start | PID: 48279  | 2026-05-02 22:28:49 ===
=== Canary Session Start | PID: 48488  | 2026-05-02 22:29:12 ===
=== Canary Session Start | PID: 48520  | 2026-05-02 22:29:15 ===
=== Canary Session Start | PID: 48549  | 2026-05-02 22:29:19 ===
=== Canary Session Start | PID: 48574  | 2026-05-02 22:29:23 ===
=== Canary Session Start | PID: 48612  | 2026-05-02 22:29:27 ===
=== Canary Session Start | PID: 50273  | 2026-05-02 22:35:05 ===
=== Canary Session Start | PID: 50366  | 2026-05-02 22:35:20 ===
=== Canary Session Start | PID: 50459  | 2026-05-02 22:35:35 ===
=== Canary Session Start | PID: 50531  | 2026-05-02 22:35:51 ===
=== Canary Session Start | PID: 50600  | 2026-05-02 22:36:06 ===
=== Canary Session Start | PID: 50669  | 2026-05-02 22:36:21 ===
=== Canary Session Start | PID: 50744  | 2026-05-02 22:36:36 ===
=== Canary Session Start | PID: 50816  | 2026-05-02 22:36:51 ===
=== Canary Session Start | PID: 50909  | 2026-05-02 22:37:07 ===
=== Canary Session Start | PID: 50979  | 2026-05-02 22:37:22 ===
=== Canary Session Start | PID: 51437  | 2026-05-02 22:38:53 ===
=== Canary Session Start | PID: 51578  | 2026-05-02 22:39:09 ===
=== Canary Session Start | PID: 51647  | 2026-05-02 22:39:23 ===
=== Canary Session Start | PID: 51715  | 2026-05-02 22:39:38 ===
=== Canary Session Start | PID: 51786  | 2026-05-02 22:39:53 ===
=== Canary Session Start | PID: 87153  | 2026-05-03 02:49:12 ===
=== Canary Session Start | PID: 87184  | 2026-05-03 02:49:16 ===
=== Canary Session Start | PID: 87197  | 2026-05-03 02:49:20 ===
=== Canary Session Start | PID: 87210  | 2026-05-03 02:49:24 ===
=== Canary Session Start | PID: 87223  | 2026-05-03 02:49:28 ===
=== Canary Session Start | PID: 87230  | 2026-05-03 02:49:32 ===
=== Canary Session Start | PID: 87246  | 2026-05-03 02:49:37 ===
=== Canary Session Start | PID: 87259  | 2026-05-03 02:49:41 ===
=== Canary Session Start | PID: 87272  | 2026-05-03 02:49:45 ===
=== Canary Session Start | PID: 87285  | 2026-05-03 02:49:49 ===
=== Canary Session Start | PID: 87298  | 2026-05-03 02:49:53 ===
=== Canary Session Start | PID: 87311  | 2026-05-03 02:49:58 ===
=== Canary Session Start | PID: 87327  | 2026-05-03 02:50:02 ===
=== Canary Session Start | PID: 87337  | 2026-05-03 02:50:06 ===
=== Canary Session Start | PID: 87347  | 2026-05-03 02:50:11 ===
=== Canary Session Start | PID: 87360  | 2026-05-03 02:50:15 ===
=== Canary Session Start | PID: 87373  | 2026-05-03 02:50:19 ===
=== Canary Session Start | PID: 87386  | 2026-05-03 02:50:23 ===
=== Canary Session Start | PID: 87399  | 2026-05-03 02:50:28 ===
=== Canary Session Start | PID: 87412  | 2026-05-03 02:50:32 ===
=== Canary Session Start | PID: 87428  | 2026-05-03 02:50:36 ===
=== Canary Session Start | PID: 87441  | 2026-05-03 02:50:40 ===
=== Canary Session Start | PID: 87454  | 2026-05-03 02:50:45 ===
=== Canary Session Start | PID: 87467  | 2026-05-03 02:50:49 ===
=== Canary Session Start | PID: 87477  | 2026-05-03 02:50:53 ===
=== Canary Session Start | PID: 87487  | 2026-05-03 02:50:58 ===
=== Canary Session Start | PID: 87501  | 2026-05-03 02:51:02 ===
=== Canary Session Start | PID: 87514  | 2026-05-03 02:51:06 ===
=== Canary Session Start | PID: 87527  | 2026-05-03 02:51:11 ===
=== Canary Session Start | PID: 87540  | 2026-05-03 02:51:15 ===
=== Canary Session Start | PID: 87553  | 2026-05-03 02:51:19 ===
=== Canary Session Start | PID: 87566  | 2026-05-03 02:51:23 ===
=== Canary Session Start | PID: 87579  | 2026-05-03 02:51:28 ===
=== Canary Session Start | PID: 87594  | 2026-05-03 02:51:32 ===
=== Canary Session Start | PID: 87610  | 2026-05-03 02:51:36 ===
=== Canary Session Start | PID: 87620  | 2026-05-03 02:51:40 ===
=== Canary Session Start | PID: 87630  | 2026-05-03 02:51:44 ===
=== Canary Session Start | PID: 87643  | 2026-05-03 02:51:48 ===
=== Canary Session Start | PID: 87656  | 2026-05-03 02:51:52 ===
=== Canary Session Start | PID: 87669  | 2026-05-03 02:51:56 ===
=== Canary Session Start | PID: 87682  | 2026-05-03 02:52:00 ===
=== Canary Session Start | PID: 87689  | 2026-05-03 02:52:04 ===
=== Canary Session Start | PID: 87702  | 2026-05-03 02:52:08 ===
=== Canary Session Start | PID: 87715  | 2026-05-03 02:52:13 ===
=== Canary Session Start | PID: 87728  | 2026-05-03 02:52:17 ===
=== Canary Session Start | PID: 87741  | 2026-05-03 02:52:21 ===
=== Canary Session Start | PID: 87754  | 2026-05-03 02:52:25 ===
=== Canary Session Start | PID: 87764  | 2026-05-03 02:52:29 ===
=== Canary Session Start | PID: 87774  | 2026-05-03 02:52:33 ===
=== Canary Session Start | PID: 87790  | 2026-05-03 02:52:37 ===
=== Canary Session Start | PID: 87892  | 2026-05-03 02:52:56 ===
=== Canary Session Start | PID: 87918  | 2026-05-03 02:53:00 ===
=== Canary Session Start | PID: 87932  | 2026-05-03 02:53:04 ===
=== Canary Session Start | PID: 87946  | 2026-05-03 02:53:08 ===
=== Canary Session Start | PID: 87960  | 2026-05-03 02:53:12 ===
=== Canary Session Start | PID: 88125  | 2026-05-03 02:53:31 ===
=== Canary Session Start | PID: 88126  | 2026-05-03 02:53:32 ===
=== Canary Session Start | PID: 88127  | 2026-05-03 02:53:32 ===
=== Canary Session Start | PID: 88138  | 2026-05-03 02:53:32 ===
=== Canary Session Start | PID: 88139  | 2026-05-03 02:53:33 ===
=== Canary Session Start | PID: 88146  | 2026-05-03 02:53:33 ===
=== Canary Session Start | PID: 88155  | 2026-05-03 02:53:33 ===
=== Canary Session Start | PID: 88156  | 2026-05-03 02:53:34 ===
=== Canary Session Start | PID: 88157  | 2026-05-03 02:53:34 ===
=== Canary Session Start | PID: 88158  | 2026-05-03 02:53:35 ===
=== Canary Session Start | PID: 88159  | 2026-05-03 02:53:35 ===
=== Canary Session Start | PID: 88166  | 2026-05-03 02:53:35 ===
=== Canary Session Start | PID: 88167  | 2026-05-03 02:53:36 ===
=== Canary Session Start | PID: 88168  | 2026-05-03 02:53:36 ===
=== Canary Session Start | PID: 88169  | 2026-05-03 02:53:36 ===
=== Canary Session Start | PID: 88170  | 2026-05-03 02:53:37 ===
=== Canary Session Start | PID: 88171  | 2026-05-03 02:53:37 ===
=== Canary Session Start | PID: 88178  | 2026-05-03 02:53:37 ===
=== Canary Session Start | PID: 88179  | 2026-05-03 02:53:38 ===
=== Canary Session Start | PID: 88180  | 2026-05-03 02:53:38 ===
=== Canary Session Start | PID: 88181  | 2026-05-03 02:53:39 ===
=== Canary Session Start | PID: 88182  | 2026-05-03 02:53:39 ===
=== Canary Session Start | PID: 88183  | 2026-05-03 02:53:39 ===
=== Canary Session Start | PID: 88190  | 2026-05-03 02:53:40 ===
=== Canary Session Start | PID: 88191  | 2026-05-03 02:53:40 ===
=== Canary Session Start | PID: 88192  | 2026-05-03 02:53:40 ===
=== Canary Session Start | PID: 88193  | 2026-05-03 02:53:41 ===
=== Canary Session Start | PID: 88194  | 2026-05-03 02:53:41 ===
=== Canary Session Start | PID: 88195  | 2026-05-03 02:53:42 ===
=== Canary Session Start | PID: 88202  | 2026-05-03 02:53:42 ===
=== Canary Session Start | PID: 88203  | 2026-05-03 02:53:42 ===
=== Canary Session Start | PID: 88204  | 2026-05-03 02:53:43 ===
=== Canary Session Start | PID: 88205  | 2026-05-03 02:53:43 ===
=== Canary Session Start | PID: 88206  | 2026-05-03 02:53:43 ===
=== Canary Session Start | PID: 88207  | 2026-05-03 02:53:44 ===
=== Canary Session Start | PID: 88214  | 2026-05-03 02:53:44 ===
=== Canary Session Start | PID: 88215  | 2026-05-03 02:53:45 ===
=== Canary Session Start | PID: 88216  | 2026-05-03 02:53:45 ===
=== Canary Session Start | PID: 88217  | 2026-05-03 02:53:45 ===
=== Canary Session Start | PID: 88218  | 2026-05-03 02:53:46 ===
=== Canary Session Start | PID: 88219  | 2026-05-03 02:53:46 ===
=== Canary Session Start | PID: 88226  | 2026-05-03 02:53:46 ===
=== Canary Session Start | PID: 88227  | 2026-05-03 02:53:47 ===
=== Canary Session Start | PID: 88228  | 2026-05-03 02:53:47 ===
=== Canary Session Start | PID: 88229  | 2026-05-03 02:53:47 ===
=== Canary Session Start | PID: 88230  | 2026-05-03 02:53:48 ===
=== Canary Session Start | PID: 88231  | 2026-05-03 02:53:48 ===
=== Canary Session Start | PID: 88238  | 2026-05-03 02:53:48 ===
=== Canary Session Start | PID: 88239  | 2026-05-03 02:53:49 ===
=== Canary Session Start | PID: 88240  | 2026-05-03 02:53:49 ===
=== Canary Session Start | PID: 88269  | 2026-05-03 02:53:51 ===
=== Canary Session Start | PID: 88271  | 2026-05-03 02:53:51 ===
=== Canary Session Start | PID: 88279  | 2026-05-03 02:53:52 ===
=== Canary Session Start | PID: 88281  | 2026-05-03 02:53:52 ===
=== Canary Session Start | PID: 88283  | 2026-05-03 02:53:53 ===
=== Canary Session Start | PID: 88429  | 2026-05-03 02:54:09 ===
=== Canary Session Start | PID: 88430  | 2026-05-03 02:54:10 ===
=== Canary Session Start | PID: 88431  | 2026-05-03 02:54:10 ===
=== Canary Session Start | PID: 88448  | 2026-05-03 02:54:10 ===
=== Canary Session Start | PID: 88449  | 2026-05-03 02:54:11 ===
=== Canary Session Start | PID: 88450  | 2026-05-03 02:54:11 ===
=== Canary Session Start | PID: 88456  | 2026-05-03 02:54:11 ===
=== Canary Session Start | PID: 88457  | 2026-05-03 02:54:12 ===
=== Canary Session Start | PID: 88458  | 2026-05-03 02:54:12 ===
=== Canary Session Start | PID: 88465  | 2026-05-03 02:54:13 ===
=== Canary Session Start | PID: 88466  | 2026-05-03 02:54:13 ===
=== Canary Session Start | PID: 88467  | 2026-05-03 02:54:13 ===
=== Canary Session Start | PID: 88468  | 2026-05-03 02:54:14 ===
=== Canary Session Start | PID: 88469  | 2026-05-03 02:54:14 ===
=== Canary Session Start | PID: 88470  | 2026-05-03 02:54:14 ===
=== Canary Session Start | PID: 88477  | 2026-05-03 02:54:15 ===
=== Canary Session Start | PID: 88478  | 2026-05-03 02:54:15 ===
=== Canary Session Start | PID: 88479  | 2026-05-03 02:54:15 ===
=== Canary Session Start | PID: 88480  | 2026-05-03 02:54:16 ===
=== Canary Session Start | PID: 88481  | 2026-05-03 02:54:16 ===
=== Canary Session Start | PID: 88482  | 2026-05-03 02:54:16 ===
=== Canary Session Start | PID: 88489  | 2026-05-03 02:54:17 ===
=== Canary Session Start | PID: 88490  | 2026-05-03 02:54:17 ===
=== Canary Session Start | PID: 88491  | 2026-05-03 02:54:18 ===
=== Canary Session Start | PID: 88492  | 2026-05-03 02:54:18 ===
=== Canary Session Start | PID: 88493  | 2026-05-03 02:54:18 ===
=== Canary Session Start | PID: 88494  | 2026-05-03 02:54:19 ===
=== Canary Session Start | PID: 88498  | 2026-05-03 02:54:19 ===
=== Canary Session Start | PID: 88502  | 2026-05-03 02:54:19 ===
=== Canary Session Start | PID: 88503  | 2026-05-03 02:54:20 ===
=== Canary Session Start | PID: 88504  | 2026-05-03 02:54:20 ===
=== Canary Session Start | PID: 88505  | 2026-05-03 02:54:20 ===
=== Canary Session Start | PID: 88506  | 2026-05-03 02:54:21 ===
=== Canary Session Start | PID: 88510  | 2026-05-03 02:54:21 ===
=== Canary Session Start | PID: 88514  | 2026-05-03 02:54:22 ===
=== Canary Session Start | PID: 88515  | 2026-05-03 02:54:22 ===
=== Canary Session Start | PID: 88516  | 2026-05-03 02:54:22 ===
=== Canary Session Start | PID: 88517  | 2026-05-03 02:54:23 ===
=== Canary Session Start | PID: 88518  | 2026-05-03 02:54:23 ===
=== Canary Session Start | PID: 88519  | 2026-05-03 02:54:23 ===
=== Canary Session Start | PID: 88526  | 2026-05-03 02:54:24 ===
=== Canary Session Start | PID: 88527  | 2026-05-03 02:54:24 ===
=== Canary Session Start | PID: 88528  | 2026-05-03 02:54:24 ===
=== Canary Session Start | PID: 88529  | 2026-05-03 02:54:25 ===
=== Canary Session Start | PID: 88530  | 2026-05-03 02:54:25 ===
=== Canary Session Start | PID: 88531  | 2026-05-03 02:54:25 ===
=== Canary Session Start | PID: 88538  | 2026-05-03 02:54:26 ===
=== Canary Session Start | PID: 88539  | 2026-05-03 02:54:26 ===
=== Canary Session Start | PID: 88540  | 2026-05-03 02:54:27 ===
=== Canary Session Start | PID: 88541  | 2026-05-03 02:54:27 ===
=== Canary Session Start | PID: 88570  | 2026-05-03 02:54:29 ===
=== Canary Session Start | PID: 88572  | 2026-05-03 02:54:29 ===
=== Canary Session Start | PID: 88580  | 2026-05-03 02:54:30 ===
=== Canary Session Start | PID: 88588  | 2026-05-03 02:54:30 ===
=== Canary Session Start | PID: 88590  | 2026-05-03 02:54:30 ===
=== Canary Session Start | PID: 94327  | 2026-05-03 03:25:49 ===
=== Canary Session Start | PID: 94355  | 2026-05-03 03:25:53 ===
=== Canary Session Start | PID: 94362  | 2026-05-03 03:25:57 ===
=== Canary Session Start | PID: 94375  | 2026-05-03 03:26:01 ===
=== Canary Session Start | PID: 94388  | 2026-05-03 03:26:05 ===
=== Canary Session Start | PID: 94401  | 2026-05-03 03:26:09 ===
=== Canary Session Start | PID: 94414  | 2026-05-03 03:26:14 ===
=== Canary Session Start | PID: 94427  | 2026-05-03 03:26:18 ===
=== Canary Session Start | PID: 94440  | 2026-05-03 03:26:22 ===
=== Canary Session Start | PID: 94447  | 2026-05-03 03:26:26 ===
=== Canary Session Start | PID: 94460  | 2026-05-03 03:26:30 ===
=== Canary Session Start | PID: 94476  | 2026-05-03 03:26:34 ===
=== Canary Session Start | PID: 94489  | 2026-05-03 03:26:38 ===
=== Canary Session Start | PID: 94502  | 2026-05-03 03:26:42 ===
=== Canary Session Start | PID: 94515  | 2026-05-03 03:26:46 ===
=== Canary Session Start | PID: 94522  | 2026-05-03 03:26:50 ===
=== Canary Session Start | PID: 94535  | 2026-05-03 03:26:54 ===
=== Canary Session Start | PID: 94548  | 2026-05-03 03:26:58 ===
=== Canary Session Start | PID: 94561  | 2026-05-03 03:27:02 ===
=== Canary Session Start | PID: 94574  | 2026-05-03 03:27:06 ===
=== Canary Session Start | PID: 94587  | 2026-05-03 03:27:10 ===
=== Canary Session Start | PID: 94594  | 2026-05-03 03:27:15 ===
=== Canary Session Start | PID: 94608  | 2026-05-03 03:27:19 ===
=== Canary Session Start | PID: 94621  | 2026-05-03 03:27:23 ===
=== Canary Session Start | PID: 94634  | 2026-05-03 03:27:27 ===
=== Canary Session Start | PID: 94647  | 2026-05-03 03:27:31 ===
=== Canary Session Start | PID: 94663  | 2026-05-03 03:27:35 ===
=== Canary Session Start | PID: 94670  | 2026-05-03 03:27:39 ===
=== Canary Session Start | PID: 94683  | 2026-05-03 03:27:43 ===
=== Canary Session Start | PID: 94696  | 2026-05-03 03:27:47 ===
=== Canary Session Start | PID: 94709  | 2026-05-03 03:27:52 ===
=== Canary Session Start | PID: 94722  | 2026-05-03 03:27:56 ===
=== Canary Session Start | PID: 94735  | 2026-05-03 03:28:00 ===
=== Canary Session Start | PID: 94748  | 2026-05-03 03:28:04 ===
=== Canary Session Start | PID: 94761  | 2026-05-03 03:28:08 ===
=== Canary Session Start | PID: 94771  | 2026-05-03 03:28:13 ===
=== Canary Session Start | PID: 94781  | 2026-05-03 03:28:17 ===
=== Canary Session Start | PID: 94794  | 2026-05-03 03:28:21 ===
=== Canary Session Start | PID: 94809  | 2026-05-03 03:28:25 ===
=== Canary Session Start | PID: 94827  | 2026-05-03 03:28:29 ===
=== Canary Session Start | PID: 94843  | 2026-05-03 03:28:34 ===
=== Canary Session Start | PID: 94858  | 2026-05-03 03:28:38 ===
=== Canary Session Start | PID: 94871  | 2026-05-03 03:28:42 ===
=== Canary Session Start | PID: 94884  | 2026-05-03 03:28:46 ===
=== Canary Session Start | PID: 94891  | 2026-05-03 03:28:50 ===
=== Canary Session Start | PID: 94904  | 2026-05-03 03:28:54 ===
=== Canary Session Start | PID: 94917  | 2026-05-03 03:28:58 ===
=== Canary Session Start | PID: 94930  | 2026-05-03 03:29:03 ===
=== Canary Session Start | PID: 94943  | 2026-05-03 03:29:07 ===
=== Canary Session Start | PID: 94956  | 2026-05-03 03:29:11 ===
=== Canary Session Start | PID: 95034  | 2026-05-03 03:29:29 ===
=== Canary Session Start | PID: 95069  | 2026-05-03 03:29:34 ===
=== Canary Session Start | PID: 95083  | 2026-05-03 03:29:38 ===
=== Canary Session Start | PID: 95097  | 2026-05-03 03:29:42 ===
=== Canary Session Start | PID: 95111  | 2026-05-03 03:29:46 ===
=== Canary Session Start | PID: 95276  | 2026-05-03 03:30:05 ===
=== Canary Session Start | PID: 95283  | 2026-05-03 03:30:06 ===
=== Canary Session Start | PID: 95284  | 2026-05-03 03:30:06 ===
=== Canary Session Start | PID: 95295  | 2026-05-03 03:30:07 ===
=== Canary Session Start | PID: 95296  | 2026-05-03 03:30:07 ===
=== Canary Session Start | PID: 95297  | 2026-05-03 03:30:07 ===
=== Canary Session Start | PID: 95303  | 2026-05-03 03:30:08 ===
=== Canary Session Start | PID: 95310  | 2026-05-03 03:30:08 ===
=== Canary Session Start | PID: 95311  | 2026-05-03 03:30:08 ===
=== Canary Session Start | PID: 95312  | 2026-05-03 03:30:09 ===
=== Canary Session Start | PID: 95313  | 2026-05-03 03:30:09 ===
=== Canary Session Start | PID: 95314  | 2026-05-03 03:30:09 ===
=== Canary Session Start | PID: 95315  | 2026-05-03 03:30:10 ===
=== Canary Session Start | PID: 95322  | 2026-05-03 03:30:10 ===
=== Canary Session Start | PID: 95323  | 2026-05-03 03:30:11 ===
=== Canary Session Start | PID: 95324  | 2026-05-03 03:30:11 ===
=== Canary Session Start | PID: 95325  | 2026-05-03 03:30:11 ===
=== Canary Session Start | PID: 95326  | 2026-05-03 03:30:12 ===
=== Canary Session Start | PID: 95330  | 2026-05-03 03:30:12 ===
=== Canary Session Start | PID: 95334  | 2026-05-03 03:30:13 ===
=== Canary Session Start | PID: 95335  | 2026-05-03 03:30:13 ===
=== Canary Session Start | PID: 95336  | 2026-05-03 03:30:13 ===
=== Canary Session Start | PID: 95337  | 2026-05-03 03:30:14 ===
=== Canary Session Start | PID: 95338  | 2026-05-03 03:30:14 ===
=== Canary Session Start | PID: 95339  | 2026-05-03 03:30:14 ===
=== Canary Session Start | PID: 95346  | 2026-05-03 03:30:15 ===
=== Canary Session Start | PID: 95347  | 2026-05-03 03:30:15 ===
=== Canary Session Start | PID: 95348  | 2026-05-03 03:30:16 ===
=== Canary Session Start | PID: 95349  | 2026-05-03 03:30:16 ===
=== Canary Session Start | PID: 95350  | 2026-05-03 03:30:16 ===
=== Canary Session Start | PID: 95351  | 2026-05-03 03:30:17 ===
=== Canary Session Start | PID: 95358  | 2026-05-03 03:30:17 ===
=== Canary Session Start | PID: 95359  | 2026-05-03 03:30:17 ===
=== Canary Session Start | PID: 95360  | 2026-05-03 03:30:18 ===
=== Canary Session Start | PID: 95361  | 2026-05-03 03:30:18 ===
=== Canary Session Start | PID: 95362  | 2026-05-03 03:30:19 ===
=== Canary Session Start | PID: 95366  | 2026-05-03 03:30:19 ===
=== Canary Session Start | PID: 95370  | 2026-05-03 03:30:19 ===
=== Canary Session Start | PID: 95371  | 2026-05-03 03:30:20 ===
=== Canary Session Start | PID: 95372  | 2026-05-03 03:30:20 ===
=== Canary Session Start | PID: 95373  | 2026-05-03 03:30:20 ===
=== Canary Session Start | PID: 95374  | 2026-05-03 03:30:21 ===
=== Canary Session Start | PID: 95378  | 2026-05-03 03:30:21 ===
=== Canary Session Start | PID: 95382  | 2026-05-03 03:30:21 ===
=== Canary Session Start | PID: 95383  | 2026-05-03 03:30:22 ===
=== Canary Session Start | PID: 95384  | 2026-05-03 03:30:22 ===
=== Canary Session Start | PID: 95385  | 2026-05-03 03:30:23 ===
=== Canary Session Start | PID: 95386  | 2026-05-03 03:30:23 ===
=== Canary Session Start | PID: 95391  | 2026-05-03 03:30:23 ===
=== Canary Session Start | PID: 95394  | 2026-05-03 03:30:24 ===
=== Canary Session Start | PID: 95423  | 2026-05-03 03:30:26 ===
=== Canary Session Start | PID: 95425  | 2026-05-03 03:30:26 ===
=== Canary Session Start | PID: 95433  | 2026-05-03 03:30:26 ===
=== Canary Session Start | PID: 95435  | 2026-05-03 03:30:27 ===
=== Canary Session Start | PID: 95437  | 2026-05-03 03:30:27 ===
=== Canary Session Start | PID: 95583  | 2026-05-03 03:30:44 ===
=== Canary Session Start | PID: 95584  | 2026-05-03 03:30:45 ===
=== Canary Session Start | PID: 95585  | 2026-05-03 03:30:45 ===
=== Canary Session Start | PID: 95596  | 2026-05-03 03:30:46 ===
=== Canary Session Start | PID: 95603  | 2026-05-03 03:30:46 ===
=== Canary Session Start | PID: 95604  | 2026-05-03 03:30:46 ===
=== Canary Session Start | PID: 95610  | 2026-05-03 03:30:47 ===
=== Canary Session Start | PID: 95611  | 2026-05-03 03:30:47 ===
=== Canary Session Start | PID: 95612  | 2026-05-03 03:30:47 ===
=== Canary Session Start | PID: 95613  | 2026-05-03 03:30:48 ===
=== Canary Session Start | PID: 95617  | 2026-05-03 03:30:48 ===
=== Canary Session Start | PID: 95621  | 2026-05-03 03:30:48 ===
=== Canary Session Start | PID: 95622  | 2026-05-03 03:30:49 ===
=== Canary Session Start | PID: 95623  | 2026-05-03 03:30:49 ===
=== Canary Session Start | PID: 95624  | 2026-05-03 03:30:50 ===
=== Canary Session Start | PID: 95625  | 2026-05-03 03:30:50 ===
=== Canary Session Start | PID: 95632  | 2026-05-03 03:30:50 ===
=== Canary Session Start | PID: 95633  | 2026-05-03 03:30:51 ===
=== Canary Session Start | PID: 95634  | 2026-05-03 03:30:51 ===
=== Canary Session Start | PID: 95635  | 2026-05-03 03:30:52 ===
=== Canary Session Start | PID: 95636  | 2026-05-03 03:30:52 ===
=== Canary Session Start | PID: 95637  | 2026-05-03 03:30:52 ===
=== Canary Session Start | PID: 95644  | 2026-05-03 03:30:53 ===
=== Canary Session Start | PID: 95645  | 2026-05-03 03:30:53 ===
=== Canary Session Start | PID: 95646  | 2026-05-03 03:30:53 ===
=== Canary Session Start | PID: 95647  | 2026-05-03 03:30:54 ===
=== Canary Session Start | PID: 95648  | 2026-05-03 03:30:54 ===
=== Canary Session Start | PID: 95649  | 2026-05-03 03:30:54 ===
=== Canary Session Start | PID: 95656  | 2026-05-03 03:30:55 ===
=== Canary Session Start | PID: 95657  | 2026-05-03 03:30:55 ===
=== Canary Session Start | PID: 95658  | 2026-05-03 03:30:56 ===
=== Canary Session Start | PID: 95659  | 2026-05-03 03:30:56 ===
=== Canary Session Start | PID: 95660  | 2026-05-03 03:30:56 ===
=== Canary Session Start | PID: 95661  | 2026-05-03 03:30:57 ===
=== Canary Session Start | PID: 95668  | 2026-05-03 03:30:57 ===
=== Canary Session Start | PID: 95669  | 2026-05-03 03:30:57 ===
=== Canary Session Start | PID: 95670  | 2026-05-03 03:30:58 ===
=== Canary Session Start | PID: 95671  | 2026-05-03 03:30:58 ===
=== Canary Session Start | PID: 95672  | 2026-05-03 03:30:59 ===
=== Canary Session Start | PID: 95673  | 2026-05-03 03:30:59 ===
=== Canary Session Start | PID: 95680  | 2026-05-03 03:30:59 ===
=== Canary Session Start | PID: 95681  | 2026-05-03 03:31:00 ===
=== Canary Session Start | PID: 95682  | 2026-05-03 03:31:00 ===
=== Canary Session Start | PID: 95683  | 2026-05-03 03:31:00 ===
=== Canary Session Start | PID: 95684  | 2026-05-03 03:31:01 ===
=== Canary Session Start | PID: 95685  | 2026-05-03 03:31:01 ===
=== Canary Session Start | PID: 95692  | 2026-05-03 03:31:01 ===
=== Canary Session Start | PID: 95693  | 2026-05-03 03:31:02 ===
=== Canary Session Start | PID: 95694  | 2026-05-03 03:31:02 ===
=== Canary Session Start | PID: 95695  | 2026-05-03 03:31:03 ===
=== Canary Session Start | PID: 95724  | 2026-05-03 03:31:05 ===
=== Canary Session Start | PID: 95732  | 2026-05-03 03:31:05 ===
=== Canary Session Start | PID: 95734  | 2026-05-03 03:31:05 ===
=== Canary Session Start | PID: 95739  | 2026-05-03 03:31:06 ===
=== Canary Session Start | PID: 95744  | 2026-05-03 03:31:06 ===
